<html>
<body>
<pre>
<h1>µVision Build Log</h1>
<h2>Project:</h2>
G:\Amirtha\Day-02\GPIO.uvproj
Project File Date:  08/20/2023

<h2>Output:</h2>
Rebuild target 'Target 1'
assembling Startup.s...
compiling function.c...
compiling main.c...
instences.h(17): warning:  #1-D: last line of file ends without a newline
linking...
Program Size: Code=1244 RO-data=32 RW-data=16 ZI-data=1256  
FromELF: creating hex file...
"GPIO.axf" - 0 Error(s), 1 Warning(s).
Rebuild target 'Target 1'
assembling Startup.s...
compiling function.c...
compiling main.c...
instences.h(17): warning:  #1-D: last line of file ends without a newline
linking...
Program Size: Code=1244 RO-data=32 RW-data=16 ZI-data=1256  
FromELF: creating hex file...
"GPIO.axf" - 0 Error(s), 1 Warning(s).
Rebuild target 'Target 1'
assembling Startup.s...
compiling function.c...
compiling main.c...
instences.h(17): warning:  #1-D: last line of file ends without a newline
linking...
Program Size: Code=1220 RO-data=32 RW-data=16 ZI-data=1256  
FromELF: creating hex file...
"GPIO.axf" - 0 Error(s), 1 Warning(s).
Rebuild target 'Target 1'
assembling Startup.s...
compiling function.c...
compiling main.c...
instences.h(17): warning:  #1-D: last line of file ends without a newline
linking...
Program Size: Code=1268 RO-data=32 RW-data=16 ZI-data=1256  
FromELF: creating hex file...
"GPIO.axf" - 0 Error(s), 1 Warning(s).
Rebuild target 'Target 1'
assembling Startup.s...
compiling function.c...
compiling main.c...
instences.h(17): warning:  #1-D: last line of file ends without a newline
linking...
Program Size: Code=1268 RO-data=32 RW-data=16 ZI-data=1256  
FromELF: creating hex file...
"GPIO.axf" - 0 Error(s), 1 Warning(s).
Rebuild target 'Target 1'
assembling Startup.s...
compiling function.c...
function.c(57): warning:  #111-D: statement is unreachable
function.c(61): warning:  #111-D: statement is unreachable
function.c(63): warning:  #940-D: missing return statement at end of non-void function "gpio_read"
compiling main.c...
instences.h(17): warning:  #1-D: last line of file ends without a newline
main.c(8): error:  #41: expression must have arithmetic or pointer type
main.c(8): error:  #18: expected a ")"
main.c(13): warning:  #12-D: parsing restarts here after previous syntax error
main.c(13): error:  #127: expected a statement
Target not created
Rebuild target 'Target 1'
assembling Startup.s...
compiling function.c...
function.c(57): warning:  #111-D: statement is unreachable
function.c(61): warning:  #111-D: statement is unreachable
function.c(63): warning:  #940-D: missing return statement at end of non-void function "gpio_read"
compiling main.c...
instences.h(17): warning:  #1-D: last line of file ends without a newline
linking...
Program Size: Code=1412 RO-data=32 RW-data=20 ZI-data=1260  
FromELF: creating hex file...
"GPIO.axf" - 0 Error(s), 4 Warning(s).
